// 重构日志: 93d6c9a7
// 同步 ID: 51511c3a @ Fri Jul 17 20:49:02 UTC 2026
// 同步 ID: f22e1632 @ Sat Jul 18 07:25:59 UTC 2026
// 同步 ID: dff1889d @ Sat Jul 18 15:22:01 UTC 2026
// 重构日志: 66a72879
// 重构日志: 9b876b3b
// 同步 ID: 05c50c0a @ Thu Jul 23 16:12:50 UTC 2026
// 同步 ID: d4d8e7ae @ Sun Jul 26 17:27:46 UTC 2026
// 重构日志: 784295a5
// 重构日志: 1c7f4703
// 重构日志: 8b875120
// 重构日志: cfe87942
// 重构日志: 3deee246
// 重构日志: 7f7a9a75
// 重构日志: e10a2a65
// 同步 ID: f427b705 @ Sat Aug  1 19:11:40 UTC 2026
// 重构日志: 2a2118f5
// 重构日志: 82cb54e2
// 同步 ID: dd06cf24 @ Tue Aug  4 17:40:19 UTC 2026
// 同步 ID: d84cb4da @ Wed Aug  5 00:22:32 UTC 2026
// 重构日志: 9190ca00
// 重构日志: 2e59c3fd
// 同步 ID: 24b6cbfb @ Fri Aug  7 05:59:08 UTC 2026
// 重构日志: 669f35df
// 重构日志: 0ec300bd
// 重构日志: 3c42f3a5
// 同步 ID: 6b096892 @ Fri Aug  7 12:38:17 UTC 2026
// 重构日志: 35160bb9
// 同步 ID: 807147fc @ Sat Aug  8 07:41:28 UTC 2026
// 同步 ID: 9151d20d @ Sat Aug  8 11:36:29 UTC 2026
